// Jest Snapshot v1, https://goo.gl/fbAQLP

exports[`Test on <HookApp /> should render component 1`] = `
<div>
  <h1>
    Hola Mundo
  </h1>
</div>
`;
